$NEGATIVE_FIXTURE/reused_point.lean:28:69: warning: Variable name `n` is not explicitly referenced.

Hint: The binding can be removed (if unused) or named `_` (if used implicitly). Alternatively, prefix the name with `_` to silence this warning:
  [apply] _n

Note: This linter can be disabled with `set_option linter.unusedVariables false`
$NEGATIVE_FIXTURE/reused_point.lean:39:27: error: Type mismatch
  (fresh_spec A hA n ?m.8).left
has type
  fresh A hA n ?m.8 ∈ A n
but is expected to have type
  picked A hA n ∈ A n
$NEGATIVE_FIXTURE/reused_point.lean:45:54: error: unsolved goals
α : Type u
A : ℕ → Set α
hA : ∀ (i : ℕ), (A i).Infinite
i j : ℕ
hij : i < j
heq : picked A hA i = picked A hA j
⊢ fresh A hA 0 ∅ = fresh A hA i (history A hA i) ∨ fresh A hA 0 ∅ ∈ history A hA i
$NEGATIVE_FIXTURE/reused_point.lean:49:32: error: Application type mismatch: The argument
  hj
has type
  picked A hA j ∈ history A hA j
but is expected to have type
  fresh A hA j ?m.41 ∈ ?m.41
in the application
  (fresh_spec A hA j ?m.41).right hj
'JustinSunPrize.JSP000489.fresh_spec' depends on axioms: [propext, Classical.choice, Quot.sound]
'JustinSunPrize.JSP000489.history_mono' depends on axioms: [propext, Classical.choice, Quot.sound]
'JustinSunPrize.JSP000489.picked_mem' depends on axioms: [propext, sorryAx, Classical.choice, Quot.sound]
'JustinSunPrize.JSP000489.picked_ne_of_lt' depends on axioms: [propext, sorryAx, Classical.choice, Quot.sound]
'JustinSunPrize.JSP000489.picked_injective' depends on axioms: [propext, sorryAx, Classical.choice, Quot.sound]
'JustinSunPrize.JSP000489.infinitely_many_each_color' depends on axioms: [propext,
 sorryAx,
 Classical.choice,
 Quot.sound]
'JustinSunPrize.JSP000489.finite_color_splitting' depends on axioms: [propext, sorryAx, Classical.choice, Quot.sound]
'JustinSunPrize.JSP000489.bernstein_propertyB' depends on axioms: [propext, sorryAx, Classical.choice, Quot.sound]
