$NEGATIVE_FIXTURE/reused_pair_neighbors.lean:230:31: warning: Variable name `a0` is not explicitly referenced.

Hint: The binding can be removed (if unused) or named `_` (if used implicitly). Alternatively, prefix the name with `_` to silence this warning:
  [apply] _a0

Note: This linter can be disabled with `set_option linter.unusedVariables false`
$NEGATIVE_FIXTURE/reused_pair_neighbors.lean:249:6: error: 'change' tactic failed, pattern
  #S ≤ #{a0}
is not definitionally equal to target
  #S ≤ #(pairNeighbors a0 q (Sum.inr c))
$NEGATIVE_FIXTURE/reused_pair_neighbors.lean:254:4: error: 'change' tactic failed, pattern
  #S ≤ #{a0}
is not definitionally equal to target
  #S ≤ #(pairNeighbors a0 q (Sum.inr b))
$NEGATIVE_FIXTURE/reused_pair_neighbors.lean:259:79: error: unsolved goals
α : Type
inst✝ : Fintype α
a0 : α
q : ℕ
⊢ 2 * (Fintype.card α).choose 2 + q * Fintype.card α = 2 * (Fintype.card α).choose 2 + q
$NEGATIVE_FIXTURE/reused_pair_neighbors.lean:262:4: warning: This simp argument is unused:
  Finset.card_singleton

Hint: Omit it from the simp argument list.
  [apply] simp only [incidenceCount, Fintype.sum_sum_type, pairNeighbors, leftPair_card, Finset.sum_const,
    Finset.card_univ, smul_eq_mul, mul_one]

Note: This linter can be disabled with `set_option linter.unusedSimpArgs false`
$NEGATIVE_FIXTURE/reused_pair_neighbors.lean:262:76: warning: This simp argument is unused:
  mul_one

Hint: Omit it from the simp argument list.
  [apply] simp only [incidenceCount, Fintype.sum_sum_type, pairNeighbors, leftPair_card, Finset.card_singleton,
    Finset.sum_const, Finset.card_univ, smul_eq_mul]

Note: This linter can be disabled with `set_option linter.unusedSimpArgs false`
'Erdos1008.incidence_le' depends on axioms: [propext, Classical.choice, Quot.sound]
'Erdos1008.rectangle_copy' depends on axioms: [propext, Classical.choice, Quot.sound]
'Erdos1008.pairUnique_of_free' depends on axioms: [propext, Classical.choice, Quot.sound]
'Erdos1008.free_of_pairUnique' depends on axioms: [propext, Classical.choice, Quot.sound]
'Erdos1008.sum_pairs_le' depends on axioms: [propext, Classical.choice, Quot.sound]
'Erdos1008.degree_le_one_add_pairs' depends on axioms: [propext, Classical.choice, Quot.sound]
'Erdos1008.incidence_upper' depends on axioms: [propext, Classical.choice, Quot.sound]
'Erdos1008.incidence_degree' depends on axioms: [propext, Classical.choice, Quot.sound]
'Erdos1008.incidence_edges' depends on axioms: [propext, Classical.choice, Quot.sound]
'Erdos1008.incidence_neighbors' depends on axioms: [propext, Classical.choice, Quot.sound]
'Erdos1008.rectangular_upper' depends on axioms: [propext, Classical.choice, Quot.sound]
'Erdos1008.leftPair_card' depends on axioms: [propext, Classical.choice, Quot.sound]
'Erdos1008.pairNeighbors_unique' depends on axioms: [propext, sorryAx, Classical.choice, Quot.sound]
'Erdos1008.pairNeighbors_count' depends on axioms: [propext, sorryAx, Classical.choice, Quot.sound]
'Erdos1008.pairUnique_reindex' depends on axioms: [propext, Classical.choice, Quot.sound]
'Erdos1008.incidenceCount_reindex' depends on axioms: [propext, Classical.choice, Quot.sound]
'Erdos1008.rectangular_attained' depends on axioms: [propext, sorryAx, Classical.choice, Quot.sound]
'Erdos1008.rectangular_exact' depends on axioms: [propext, sorryAx, Classical.choice, Quot.sound]
'Erdos1008.complete_edges' depends on axioms: [propext, Classical.choice, Quot.sound]
'Erdos1008.folkman' depends on axioms: [propext, Classical.choice, Quot.sound]
'Erdos1008.folkman_exact' depends on axioms: [propext, sorryAx, Classical.choice, Quot.sound]
'Erdos1008.fourth_power_scale' depends on axioms: [propext, Classical.choice, Quot.sound]
'Erdos1008.no_uniform_three_quarters' depends on axioms: [propext, Classical.choice, Quot.sound]
'Erdos1008.three_quarters_answer' depends on axioms: [propext, Classical.choice, Quot.sound]
'Erdos1008.ten_by_hundred_attained' depends on axioms: [propext, sorryAx, Classical.choice, Quot.sound]
'Erdos1008.ten_by_hundred_upper' depends on axioms: [propext, Classical.choice, Quot.sound]
