$NEGATIVE_FIXTURE/wrong_power_bridge.lean:338:51: error: unsolved goals
k : ℕ
⊢ ↑k ^ 8 = ↑k ^ 9
$NEGATIVE_FIXTURE/wrong_power_bridge.lean:366:25: error: Tactic `rewrite` failed: Did not find an occurrence of the pattern
  ↑((?k ^ 4) ^ 3) ^ (2 / 3)
in the target expression
  c * ↑((k ^ 4) ^ 3) ^ (3 / 4) ≤ ↑H.edgeSet.ncard

c : ℝ
hc : c > 0
h :
  ∀ (V : Type) [Fintype V] (G : SimpleGraph V),
    ∃ H ≤ G, (cycleGraph 4).Free H ∧ c * ↑G.edgeSet.ncard ^ (3 / 4) ≤ ↑H.edgeSet.ncard
k : ℕ
hk : max 1 (2 / c) < ↑k
hk1 : 1 < ↑k
hck : 2 < c * ↑k
H : SimpleGraph (Fin (k ^ 4) ⊕ Fin ((k ^ 4) ^ 2))
hH : H ≤ completeBipartiteGraph (Fin (k ^ 4)) (Fin ((k ^ 4) ^ 2))
hfree : (cycleGraph 4).Free H
hlarge : c * ↑((k ^ 4) ^ 3) ^ (3 / 4) ≤ ↑H.edgeSet.ncard
hu : H.edgeSet.ncard ≤ (k ^ 4) ^ 2 + (k ^ 4).choose 2
hchoose : (k ^ 4).choose 2 ≤ (k ^ 4) ^ 2
hn : H.edgeSet.ncard ≤ 2 * k ^ 8
hur : ↑H.edgeSet.ncard ≤ 2 * ↑k ^ 8
⊢ False
'Erdos1008.incidence_le' depends on axioms: [propext, Classical.choice, Quot.sound]
'Erdos1008.rectangle_copy' depends on axioms: [propext, Classical.choice, Quot.sound]
'Erdos1008.pairUnique_of_free' depends on axioms: [propext, Classical.choice, Quot.sound]
'Erdos1008.free_of_pairUnique' depends on axioms: [propext, Classical.choice, Quot.sound]
'Erdos1008.sum_pairs_le' depends on axioms: [propext, Classical.choice, Quot.sound]
'Erdos1008.degree_le_one_add_pairs' depends on axioms: [propext, Classical.choice, Quot.sound]
'Erdos1008.incidence_upper' depends on axioms: [propext, Classical.choice, Quot.sound]
'Erdos1008.incidence_degree' depends on axioms: [propext, Classical.choice, Quot.sound]
'Erdos1008.incidence_edges' depends on axioms: [propext, Classical.choice, Quot.sound]
'Erdos1008.incidence_neighbors' depends on axioms: [propext, Classical.choice, Quot.sound]
'Erdos1008.rectangular_upper' depends on axioms: [propext, Classical.choice, Quot.sound]
'Erdos1008.leftPair_card' depends on axioms: [propext, Classical.choice, Quot.sound]
'Erdos1008.pairNeighbors_unique' depends on axioms: [propext, Classical.choice, Quot.sound]
'Erdos1008.pairNeighbors_count' depends on axioms: [propext, Classical.choice, Quot.sound]
'Erdos1008.pairUnique_reindex' depends on axioms: [propext, Classical.choice, Quot.sound]
'Erdos1008.incidenceCount_reindex' depends on axioms: [propext, Classical.choice, Quot.sound]
'Erdos1008.rectangular_attained' depends on axioms: [propext, Classical.choice, Quot.sound]
'Erdos1008.rectangular_exact' depends on axioms: [propext, Classical.choice, Quot.sound]
'Erdos1008.complete_edges' depends on axioms: [propext, Classical.choice, Quot.sound]
'Erdos1008.folkman' depends on axioms: [propext, Classical.choice, Quot.sound]
'Erdos1008.folkman_exact' depends on axioms: [propext, Classical.choice, Quot.sound]
'Erdos1008.fourth_power_scale' depends on axioms: [propext, sorryAx, Classical.choice, Quot.sound]
'Erdos1008.no_uniform_three_quarters' depends on axioms: [propext, sorryAx, Classical.choice, Quot.sound]
'Erdos1008.three_quarters_answer' depends on axioms: [propext, sorryAx, Classical.choice, Quot.sound]
'Erdos1008.ten_by_hundred_attained' depends on axioms: [propext, Classical.choice, Quot.sound]
'Erdos1008.ten_by_hundred_upper' depends on axioms: [propext, Classical.choice, Quot.sound]
