$NEGATIVE_FIXTURE/removed_crossing_tail.lean:515:68: warning: Variable name `L` is not explicitly referenced.

Hint: The binding can be removed (if unused) or named `_` (if used implicitly). Alternatively, prefix the name with `_` to silence this warning:
  [apply] _L

Note: This linter can be disabled with `set_option linter.unusedVariables false`
$NEGATIVE_FIXTURE/removed_crossing_tail.lean:529:2: error: omega could not prove the goal:
a possible counterexample may satisfy the constraints
  f ≥ 1
  e ≥ 0
  c ≥ 0
  c - e - f ≥ 0
  b ≥ 0
  b - f ≤ -1
  a ≥ 0
  a + b - c ≥ 0
where
 a := ↑(Finset.Icc 1 M \ Finset.image (fun j => d (cutIndex d hd M - 1 - j)) (Finset.range (L - 1))).card
 b := ↑(Finset.image (fun j => d (cutIndex d hd M - 1 - j)) (Finset.range (L - 1))).card
 c := ↑M
 e := ↑(Finset.Icc 1 M \ Finset.image (fun j => d (cutIndex d hd M - 1 - j)) (Finset.range 0)).card
 f := ↑L
$NEGATIVE_FIXTURE/removed_crossing_tail.lean:539:81: error: omega could not prove the goal:
a possible counterexample may satisfy the constraints
  f ≥ 0
  e ≥ 0
  e - f ≥ 2
  c ≥ 0
  c + f ≥ -1
  b ≥ 0
  a ≥ 0
  a - b ≥ 0
where
 a := ↑M
 b := ↑(d i)
 c := ↑i
 e := ↑L
 f := ↑(cutIndex d hd M - (1 + i))
'JustinSunPrize.JSP000346.consecutive_indices' depends on axioms: [propext, Classical.choice, Quot.sound]
'JustinSunPrize.JSP000346.block_products_avoid_adjacent' depends on axioms: [propext, Classical.choice, Quot.sound]
'JustinSunPrize.JSP000346.index_bounds' depends on axioms: [propext, Classical.choice, Quot.sound]
'JustinSunPrize.JSP000346.pairProduct_strictMono' depends on axioms: [propext, Classical.choice, Quot.sound]
'JustinSunPrize.JSP000346.hole_cases' depends on axioms: [propext, Classical.choice, Quot.sound]
'JustinSunPrize.JSP000346.hole_not_mem' depends on axioms: [propext, Classical.choice, Quot.sound]
'JustinSunPrize.JSP000346.hole_mem_missing' depends on axioms: [propext, Classical.choice, Quot.sound]
'JustinSunPrize.JSP000346.holes_injective' depends on axioms: [propext, Classical.choice, Quot.sound]
'JustinSunPrize.JSP000346.indices_card' depends on axioms: [propext, Classical.choice, Quot.sound]
'JustinSunPrize.JSP000346.omission_bound_nat' depends on axioms: [propext, Classical.choice, Quot.sound]
'JustinSunPrize.JSP000346.omission_bound_integral' depends on axioms: [propext, Classical.choice, Quot.sound]
'JustinSunPrize.JSP000346.nat_sqrt_le_real' depends on axioms: [propext, Classical.choice, Quot.sound]
'JustinSunPrize.JSP000346.real_sqrt_lt_nat_succ' depends on axioms: [propext, Classical.choice, Quot.sound]
'JustinSunPrize.JSP000346.omission_bound_real' depends on axioms: [propext, Classical.choice, Quot.sound]
'JustinSunPrize.JSP000346.omission_bound_eventually' depends on axioms: [propext, Classical.choice, Quot.sound]
'JustinSunPrize.JSP000346.product_distinct_omission_bound' depends on axioms: [propext, Classical.choice, Quot.sound]
'JustinSunPrize.JSP000346.product_distinct_half_root' depends on axioms: [propext, Classical.choice, Quot.sound]
'JustinSunPrize.JSP000346.retained_product_not_mem' depends on axioms: [propext, Classical.choice, Quot.sound]
'JustinSunPrize.JSP000346.retained_products_strictMono' depends on axioms: [propext, Classical.choice, Quot.sound]
'JustinSunPrize.JSP000346.exists_above' depends on axioms: [propext, Classical.choice, Quot.sound]
'JustinSunPrize.JSP000346.below_cut_iff' depends on axioms: [propext, Classical.choice, Quot.sound]
'JustinSunPrize.JSP000346.retained_successor_le' depends on axioms: [propext, Classical.choice, Quot.sound]
'JustinSunPrize.JSP000346.retainedHole_at' depends on axioms: [propext, Classical.choice, Quot.sound]
'JustinSunPrize.JSP000346.retained_product_large' depends on axioms: [propext, Classical.choice, Quot.sound]
'JustinSunPrize.JSP000346.retainedHole_missing' depends on axioms: [propext, Classical.choice, Quot.sound]
'JustinSunPrize.JSP000346.retainedHole_in_range' depends on axioms: [propext, Classical.choice, Quot.sound]
'JustinSunPrize.JSP000346.retainedHole_injOn' depends on axioms: [propext, Classical.choice, Quot.sound]
'JustinSunPrize.JSP000346.retainedDomain_card' depends on axioms: [propext, Classical.choice, Quot.sound]
'JustinSunPrize.JSP000346.product_distinct_full_root_integral' depends on axioms: [propext,
 Classical.choice,
 Quot.sound]
'JustinSunPrize.JSP000346.product_distinct_full_root_real' depends on axioms: [propext, Classical.choice, Quot.sound]
'JustinSunPrize.JSP000346.product_distinct_full_root_eventually' depends on axioms: [propext,
 Classical.choice,
 Quot.sound]
'JustinSunPrize.JSP000346.blockProduct_zero' depends on axioms: [propext, Classical.choice, Quot.sound]
'JustinSunPrize.JSP000346.blockProduct_succ' depends on axioms: [propext, Classical.choice, Quot.sound]
'JustinSunPrize.JSP000346.blockProduct_interval' depends on axioms: [propext, Classical.choice, Quot.sound]
'JustinSunPrize.JSP000346.retained_term_two_le' depends on axioms: [propext, Classical.choice, Quot.sound]
'JustinSunPrize.JSP000346.retained_term_index_lower' depends on axioms: [propext, Classical.choice, Quot.sound]
'JustinSunPrize.JSP000346.blockProduct_factorial_lower' depends on axioms: [propext, Classical.choice, Quot.sound]
'JustinSunPrize.JSP000346.blockProduct_power_lower' depends on axioms: [propext, Classical.choice, Quot.sound]
'JustinSunPrize.JSP000346.crossing_exists' depends on axioms: [propext, Classical.choice, Quot.sound]
'JustinSunPrize.JSP000346.crossing_spec' depends on axioms: [propext, Classical.choice, Quot.sound]
'JustinSunPrize.JSP000346.crossing_min' depends on axioms: [propext, Classical.choice, Quot.sound]
'JustinSunPrize.JSP000346.crossing_le' depends on axioms: [propext, Classical.choice, Quot.sound]
'JustinSunPrize.JSP000346.crossing_two_le' depends on axioms: [propext, Classical.choice, Quot.sound]
'JustinSunPrize.JSP000346.crossingDomain_card' depends on axioms: [propext, sorryAx, Classical.choice, Quot.sound]
'JustinSunPrize.JSP000346.crossingDomain_room' depends on axioms: [propext, sorryAx, Classical.choice, Quot.sound]
'JustinSunPrize.JSP000346.crossingHole_at' depends on axioms: [propext, Classical.choice, Quot.sound]
'JustinSunPrize.JSP000346.crossing_product_missing' depends on axioms: [propext, Classical.choice, Quot.sound]
'JustinSunPrize.JSP000346.crossing_product_upper' depends on axioms: [propext, sorryAx, Classical.choice, Quot.sound]
'JustinSunPrize.JSP000346.crossingHole_injective' depends on axioms: [propext, Classical.choice, Quot.sound]
'JustinSunPrize.JSP000346.block_crossing_omission' depends on axioms: [propext, sorryAx, Classical.choice, Quot.sound]
'JustinSunPrize.JSP000346.product_distinct_factorial_error' depends on axioms: [propext,
 sorryAx,
 Classical.choice,
 Quot.sound]
'JustinSunPrize.JSP000346.product_distinct_logarithmic_error' depends on axioms: [propext,
 sorryAx,
 Classical.choice,
 Quot.sound]
'JustinSunPrize.JSP000346.omission_example_one_hundred_million' depends on axioms: [propext,
 sorryAx,
 Classical.choice,
 Quot.sound]
'JustinSunPrize.JSP000346.omission_example_one_trillion' depends on axioms: [propext,
 sorryAx,
 Classical.choice,
 Quot.sound]
