$NEGATIVE_FIXTURE/wrong_zero_gap.lean:80:57: error: omega could not prove the goal:
a possible counterexample may satisfy the constraints
  a ≥ 0
  a ≥ -1
where
 a := ↑(Erdos751.BV.Cycle.length G C)
$NEGATIVE_FIXTURE/wrong_zero_gap.lean:83:64: error: omega could not prove the goal:
a possible counterexample may satisfy the constraints
  a ≥ 0
  a ≥ -1
where
 a := ↑(Erdos751.BV.Cycle.length G D)
'Erdos751.Main.erdos_751_strong' depends on axioms: [propext, Classical.choice, Quot.sound]
'Erdos751Extension.colorable_of_finite_subgraphs' depends on axioms: [propext, Classical.choice, Quot.sound]
'Erdos751Extension.finite_noncolorable_witness' depends on axioms: [propext, Classical.choice, Quot.sound]
'Erdos751Extension.lift_cycle' depends on axioms: [propext, Quot.sound]
'Erdos751Extension.close_cycles_of_not_three_colorable' depends on axioms: [propext, Classical.choice, Quot.sound]
'Erdos751Extension.close_cycle_lengths' depends on axioms: [propext, sorryAx, Classical.choice, Quot.sound]
'Erdos751Extension.not_three_separated' depends on axioms: [propext, sorryAx, Classical.choice, Quot.sound]
'Erdos751Extension.answer' depends on axioms: [propext, sorryAx, Classical.choice, Quot.sound]
'Erdos751Extension.answer_with_girth' depends on axioms: [propext, sorryAx, Classical.choice, Quot.sound]
