ℹ [3917/3920] Built JSP1014.NaturalShifts (33s)
info: JSP1014/NaturalShifts.lean:125:0: 'JustinSunPrize.JSP001014.prime_with_square_obstruction' depends on axioms: [propext, Classical.choice, Quot.sound]
info: JSP1014/NaturalShifts.lean:126:0: 'JustinSunPrize.JSP001014.nextPrime_spec' depends on axioms: [propext, Classical.choice, Quot.sound]
info: JSP1014/NaturalShifts.lean:127:0: 'JustinSunPrize.JSP001014.sequence_spec' depends on axioms: [propext, Classical.choice, Quot.sound]
info: JSP1014/NaturalShifts.lean:128:0: 'JustinSunPrize.JSP001014.sequence_strictMono' depends on axioms: [propext, Classical.choice, Quot.sound]
info: JSP1014/NaturalShifts.lean:129:0: 'JustinSunPrize.JSP001014.squarefree_shift_iff' depends on axioms: [propext, Classical.choice, Quot.sound]
info: JSP1014/NaturalShifts.lean:130:0: 'JustinSunPrize.JSP001014.prime_shift_iff' depends on axioms: [propext, Classical.choice, Quot.sound]
info: JSP1014/NaturalShifts.lean:131:0: 'JustinSunPrize.JSP001014.simultaneous_counterexample' depends on axioms: [propext, Classical.choice, Quot.sound]
info: JSP1014/NaturalShifts.lean:132:0: 'JustinSunPrize.JSP001014.answer_prime' depends on axioms: [propext, Classical.choice, Quot.sound]
info: JSP1014/NaturalShifts.lean:133:0: 'JustinSunPrize.JSP001014.answer_squarefree' depends on axioms: [propext, Classical.choice, Quot.sound]
ℹ [3918/3920] Built JSP1014.IntegerShifts (33s)
info: JSP1014/IntegerShifts.lean:132:0: 'JustinSunPrize.JSP001014.IntegerShifts.obstruction' depends on axioms: [propext, Classical.choice, Quot.sound]
info: JSP1014/IntegerShifts.lean:133:0: 'JustinSunPrize.JSP001014.IntegerShifts.shift_ne_zero' depends on axioms: [propext, Quot.sound]
info: JSP1014/IntegerShifts.lean:134:0: 'JustinSunPrize.JSP001014.IntegerShifts.shift_even' depends on axioms: [propext, Quot.sound]
info: JSP1014/IntegerShifts.lean:135:0: 'JustinSunPrize.JSP001014.IntegerShifts.shift_odd' depends on axioms: [propext, Quot.sound]
info: JSP1014/IntegerShifts.lean:136:0: 'JustinSunPrize.JSP001014.IntegerShifts.shift_covers' depends on axioms: [propext, Quot.sound]
info: JSP1014/IntegerShifts.lean:137:0: 'JustinSunPrize.JSP001014.IntegerShifts.next_spec' depends on axioms: [propext, Classical.choice, Quot.sound]
info: JSP1014/IntegerShifts.lean:138:0: 'JustinSunPrize.JSP001014.IntegerShifts.sequence_spec' depends on axioms: [propext, Classical.choice, Quot.sound]
info: JSP1014/IntegerShifts.lean:139:0: 'JustinSunPrize.JSP001014.IntegerShifts.sequence_strictMono' depends on axioms: [propext, Classical.choice, Quot.sound]
info: JSP1014/IntegerShifts.lean:140:0: 'JustinSunPrize.JSP001014.IntegerShifts.squarefree_shift_iff' depends on axioms: [propext, Classical.choice, Quot.sound]
info: JSP1014/IntegerShifts.lean:141:0: 'JustinSunPrize.JSP001014.IntegerShifts.prime_shift_iff' depends on axioms: [propext, Classical.choice, Quot.sound]
info: JSP1014/IntegerShifts.lean:142:0: 'JustinSunPrize.JSP001014.IntegerShifts.simultaneous_counterexample' depends on axioms: [propext,
 Classical.choice,
 Quot.sound]
✔ [3919/3920] Built JSP1014 (2.1s)
Build completed successfully (3920 jobs).
