$NEGATIVE_FIXTURE/wrong_good_shift.lean:99:4: error: Type mismatch
  prime_shift_iff f n
has type
  (∀ (k : ℕ), Nat.Prime (n + sequence f k)) ↔ n = 0
but is expected to have type
  n ∈ {n | ∀ (k : ℕ), Nat.Prime (n + sequence f k)} ↔ n ∈ {1}
$NEGATIVE_FIXTURE/wrong_good_shift.lean:101:4: error: Type mismatch
  squarefree_shift_iff f n
has type
  (∀ (k : ℕ), Squarefree (n + sequence f k)) ↔ n = 0
but is expected to have type
  n ∈ {n | ∀ (k : ℕ), Squarefree (n + sequence f k)} ↔ n ∈ {1}
$NEGATIVE_FIXTURE/wrong_good_shift.lean:112:47: error: Application type mismatch: The argument
  hInf
has type
  {1}.Infinite
but is expected to have type
  {0}.Infinite
in the application
  Set.Finite.not_infinite (Set.finite_singleton 0) hInf
$NEGATIVE_FIXTURE/wrong_good_shift.lean:123:47: error: Application type mismatch: The argument
  hInf
has type
  {1}.Infinite
but is expected to have type
  {0}.Infinite
in the application
  Set.Finite.not_infinite (Set.finite_singleton 0) hInf
'JustinSunPrize.JSP001014.prime_with_square_obstruction' depends on axioms: [propext, Classical.choice, Quot.sound]
'JustinSunPrize.JSP001014.nextPrime_spec' depends on axioms: [propext, Classical.choice, Quot.sound]
'JustinSunPrize.JSP001014.sequence_spec' depends on axioms: [propext, Classical.choice, Quot.sound]
'JustinSunPrize.JSP001014.sequence_strictMono' depends on axioms: [propext, Classical.choice, Quot.sound]
'JustinSunPrize.JSP001014.squarefree_shift_iff' depends on axioms: [propext, Classical.choice, Quot.sound]
'JustinSunPrize.JSP001014.prime_shift_iff' depends on axioms: [propext, Classical.choice, Quot.sound]
'JustinSunPrize.JSP001014.simultaneous_counterexample' depends on axioms: [propext,
 sorryAx,
 Classical.choice,
 Quot.sound]
'JustinSunPrize.JSP001014.answer_prime' depends on axioms: [propext, sorryAx]
'JustinSunPrize.JSP001014.answer_squarefree' depends on axioms: [propext, sorryAx]
