Try this:
  [apply] ring_nf

  The `ring` tactic failed to close the goal. Use `ring_nf` to obtain a normal form.

  Note that `ring` works primarily in *commutative* rings. If you have a noncommutative ring, abelian group or module, consider using `noncomm_ring`, `abel` or `module` instead.
$NEGATIVE_FIXTURE/wrong_difference_lattice.lean:100:2: error: unsolved goals
case neg
a b c : ℤ
ha : a ≠ 0
hb : ¬b = 0
k : ℤ
⊢ k * b * 2 = k * b * 3
'JustinSunPrize.JSP000388.congruent_pair' depends on axioms: [propext, Classical.choice, Quot.sound]
'JustinSunPrize.JSP000388.no_infinite_complement' depends on axioms: [propext, Classical.choice, Quot.sound]
'JustinSunPrize.JSP000388.terms_of_exact' does not depend on any axioms
'JustinSunPrize.JSP000388.complement_infinite_of_one_sided' depends on axioms: [propext, Classical.choice, Quot.sound]
'JustinSunPrize.JSP000388.no_complement_of_lattice_and_bound' depends on axioms: [propext, Classical.choice, Quot.sound]
'JustinSunPrize.JSP000388.quad_lower' depends on axioms: [propext, Classical.choice, Quot.sound]
'JustinSunPrize.JSP000388.quad_upper' depends on axioms: [propext, Classical.choice, Quot.sound]
'JustinSunPrize.JSP000388.quad_one_sided' depends on axioms: [propext, Classical.choice, Quot.sound]
'JustinSunPrize.JSP000388.quad_difference_lattice' depends on axioms: [propext, sorryAx, Classical.choice, Quot.sound]
'JustinSunPrize.JSP000388.no_quadratic_complement' depends on axioms: [propext, sorryAx, Classical.choice, Quot.sound]
'JustinSunPrize.JSP000388.answer_quadratic' depends on axioms: [propext, sorryAx, Classical.choice, Quot.sound]
'JustinSunPrize.JSP000388.no_degree_two_polynomial_complement' depends on axioms: [propext,
 sorryAx,
 Classical.choice,
 Quot.sound]
'JustinSunPrize.JSP000388.linear_has_complement' depends on axioms: [propext]
