$NEGATIVE_FIXTURE/wrong_maximizer.lean:226:60: error: omega could not prove the goal:
a possible counterexample may satisfy the constraints
  d ≥ 0
  c ≥ 0
  c - d ≥ 1
  b ≥ 2
  b - c + d ≤ -1
  b - d ≥ 1
where
 b := ↑k
 c := ↑(a i)
 d := ↑↑i
'JustinSunPrize.JSP000226.block_sum' depends on axioms: [propext, Classical.choice, Quot.sound]
'JustinSunPrize.JSP000226.family_bound' depends on axioms: [propext, Quot.sound]
'JustinSunPrize.JSP000226.family_balance' depends on axioms: [propext, Quot.sound]
'JustinSunPrize.JSP000226.family_identity' depends on axioms: [propext, Classical.choice, Quot.sound]
'JustinSunPrize.JSP000226.family_representable' depends on axioms: [propext, Classical.choice, Quot.sound]
'JustinSunPrize.JSP000226.infinitely_many_representable' depends on axioms: [propext, Classical.choice, Quot.sound]
'JustinSunPrize.JSP000226.dyadicWeight_pos' depends on axioms: [propext, Classical.choice, Quot.sound]
'JustinSunPrize.JSP000226.dyadicWeight_succ_le' depends on axioms: [propext, Classical.choice, Quot.sound]
'JustinSunPrize.JSP000226.dyadicWeight_antitone' depends on axioms: [propext, Classical.choice, Quot.sound]
'JustinSunPrize.JSP000226.dyadicWeight_strict' depends on axioms: [propext, Classical.choice, Quot.sound]
'JustinSunPrize.JSP000226.exponent_after_start' depends on axioms: [propext, Classical.choice, Quot.sound]
'JustinSunPrize.JSP000226.ordered_exponent_bound' depends on axioms: [propext, Classical.choice, Quot.sound]
'JustinSunPrize.JSP000226.sharp_start_bound' depends on axioms: [propext, Classical.choice, Quot.sound]
'JustinSunPrize.JSP000226.family_ordered' depends on axioms: [propext, Classical.choice, Quot.sound]
'JustinSunPrize.JSP000226.maximal_start' depends on axioms: [propext, Classical.choice, Quot.sound]
'JustinSunPrize.JSP000226.maximal_representation_unique' depends on axioms: [propext,
 sorryAx,
 Classical.choice,
 Quot.sound]
