$NEGATIVE_FIXTURE/wrong_sharp_bound.lean:183:2: error: omega could not prove the goal:
a possible counterexample may satisfy the constraints
  c ≥ 0
  2*b - c ≥ 4
where
 b := ↑2 ^ k
 c := ↑(family k)
$NEGATIVE_FIXTURE/wrong_sharp_bound.lean:203:2: error: Type mismatch
  sharp_start_bound hk hn.right
has type
  n + 1 ≤ family k
but is expected to have type
  n ≤ family k
'JustinSunPrize.JSP000226.block_sum' depends on axioms: [propext, Classical.choice, Quot.sound]
'JustinSunPrize.JSP000226.family_bound' depends on axioms: [propext, Quot.sound]
'JustinSunPrize.JSP000226.family_balance' depends on axioms: [propext, Quot.sound]
'JustinSunPrize.JSP000226.family_identity' depends on axioms: [propext, Classical.choice, Quot.sound]
'JustinSunPrize.JSP000226.family_representable' depends on axioms: [propext, Classical.choice, Quot.sound]
'JustinSunPrize.JSP000226.infinitely_many_representable' depends on axioms: [propext, Classical.choice, Quot.sound]
'JustinSunPrize.JSP000226.dyadicWeight_pos' depends on axioms: [propext, Classical.choice, Quot.sound]
'JustinSunPrize.JSP000226.dyadicWeight_succ_le' depends on axioms: [propext, Classical.choice, Quot.sound]
'JustinSunPrize.JSP000226.dyadicWeight_antitone' depends on axioms: [propext, Classical.choice, Quot.sound]
'JustinSunPrize.JSP000226.dyadicWeight_strict' depends on axioms: [propext, Classical.choice, Quot.sound]
'JustinSunPrize.JSP000226.exponent_after_start' depends on axioms: [propext, Classical.choice, Quot.sound]
'JustinSunPrize.JSP000226.ordered_exponent_bound' depends on axioms: [propext, Classical.choice, Quot.sound]
'JustinSunPrize.JSP000226.sharp_start_bound' depends on axioms: [propext, sorryAx, Classical.choice, Quot.sound]
'JustinSunPrize.JSP000226.family_ordered' depends on axioms: [propext, Classical.choice, Quot.sound]
'JustinSunPrize.JSP000226.maximal_start' depends on axioms: [propext, sorryAx, Classical.choice, Quot.sound]
'JustinSunPrize.JSP000226.maximal_representation_unique' depends on axioms: [propext, Classical.choice, Quot.sound]
