$NEGATIVE_FIXTURE/wrong_family_offset.lean:39:2: error: omega could not prove the goal:
a possible counterexample may satisfy the constraints
  a ≥ 0
where
 a := ↑(2 ^ (m + 1) - (m + 3))
$NEGATIVE_FIXTURE/wrong_family_offset.lean:45:2: error: omega could not prove the goal:
a possible counterexample may satisfy the constraints
  b ≥ 0
  a ≥ 0
  a - b ≤ 2
  2*a - b ≥ 3
where
 a := ↑2 ^ m
 b := ↑(2 ^ (m + 1) - (m + 3))
'JustinSunPrize.JSP000226.block_sum' depends on axioms: [propext, Classical.choice, Quot.sound]
'JustinSunPrize.JSP000226.family_bound' depends on axioms: [propext, sorryAx]
'JustinSunPrize.JSP000226.family_balance' depends on axioms: [propext, sorryAx]
'JustinSunPrize.JSP000226.family_identity' depends on axioms: [propext, sorryAx, Classical.choice, Quot.sound]
'JustinSunPrize.JSP000226.family_representable' depends on axioms: [propext, sorryAx, Classical.choice, Quot.sound]
'JustinSunPrize.JSP000226.infinitely_many_representable' depends on axioms: [propext,
 sorryAx,
 Classical.choice,
 Quot.sound]
'JustinSunPrize.JSP000226.dyadicWeight_pos' depends on axioms: [propext, Classical.choice, Quot.sound]
'JustinSunPrize.JSP000226.dyadicWeight_succ_le' depends on axioms: [propext, Classical.choice, Quot.sound]
'JustinSunPrize.JSP000226.dyadicWeight_antitone' depends on axioms: [propext, Classical.choice, Quot.sound]
'JustinSunPrize.JSP000226.dyadicWeight_strict' depends on axioms: [propext, Classical.choice, Quot.sound]
'JustinSunPrize.JSP000226.exponent_after_start' depends on axioms: [propext, Classical.choice, Quot.sound]
'JustinSunPrize.JSP000226.ordered_exponent_bound' depends on axioms: [propext, Classical.choice, Quot.sound]
'JustinSunPrize.JSP000226.sharp_start_bound' depends on axioms: [propext, sorryAx, Classical.choice, Quot.sound]
'JustinSunPrize.JSP000226.family_ordered' depends on axioms: [propext, sorryAx, Classical.choice, Quot.sound]
'JustinSunPrize.JSP000226.maximal_start' depends on axioms: [propext, sorryAx, Classical.choice, Quot.sound]
'JustinSunPrize.JSP000226.maximal_representation_unique' depends on axioms: [propext,
 sorryAx,
 Classical.choice,
 Quot.sound]
