$NEGATIVE_FIXTURE/wrong_period.lean:51:57: error: Type mismatch: After simplification, term
  hdiv a ha
 has type
  a ∣ n + 1
but is expected to have type
  a ∣ n + t.factorial
$NEGATIVE_FIXTURE/wrong_period.lean:54:30: error: Application type mismatch: The argument
  hd s hs a ha
has type
  a ∣ t.factorial
but is expected to have type
  a ∣ 1
in the application
  dvd_add (hdiv a ha) (hd s hs a ha)
$NEGATIVE_FIXTURE/wrong_period.lean:175:4: error: Type mismatch: After simplification, term
  good_periodic t (n + 1)
 has type
  Good t (n + 2) ↔ Good t (n + 1)
but is expected to have type
  Good t (n + (t.factorial + 1)) ↔ Good t (n + 1)
'JustinSunPrize.JSP000712.good_iff_divisorSum' depends on axioms: [propext, Classical.choice, Quot.sound]
'JustinSunPrize.JSP000712.good_periodic' depends on axioms: [propext, sorryAx, Classical.choice, Quot.sound]
'JustinSunPrize.JSP000712.periodic_multiple' depends on axioms: [propext]
'JustinSunPrize.JSP000712.count_shift' depends on axioms: [propext, Quot.sound]
'JustinSunPrize.JSP000712.count_blocks' depends on axioms: [propext, Quot.sound]
'JustinSunPrize.JSP000712.count_decomposition' depends on axioms: [propext, Quot.sound]
'JustinSunPrize.JSP000712.periodic_count_error' depends on axioms: [propext, Classical.choice, Quot.sound]
'JustinSunPrize.JSP000712.periodic_density' depends on axioms: [propext, Classical.choice, Quot.sound]
'JustinSunPrize.JSP000712.good_factorial' depends on axioms: [propext, Classical.choice, Quot.sound]
'JustinSunPrize.JSP000712.densityNumerator_pos' depends on axioms: [propext, Classical.choice, Quot.sound]
'JustinSunPrize.JSP000712.densityNumerator_le' depends on axioms: [propext, Classical.choice, Quot.sound]
'JustinSunPrize.JSP000712.divisor_sum_density' depends on axioms: [propext, sorryAx, Classical.choice, Quot.sound]
'JustinSunPrize.JSP000712.literal_divisor_sum_density' depends on axioms: [propext,
 sorryAx,
 Classical.choice,
 Quot.sound]
'JustinSunPrize.JSP000712.small_density_values' depends on axioms: [propext, Classical.choice, Quot.sound]
