$NEGATIVE_FIXTURE/wrong_multiplicity.lean:302:2: error: Type mismatch
  label_card m k
has type
  Fintype.card { p // pairLabel p = k } = m - ↑k
but is expected to have type
  Fintype.card { x // pairLabel x = k } = m - ↑k + 1
$NEGATIVE_FIXTURE/wrong_multiplicity.lean:337:4: error: omega could not prove the goal:
a possible counterexample may satisfy the constraints
  a ≥ 0
  a ≥ 1
where
 a := ↑m
$NEGATIVE_FIXTURE/wrong_multiplicity.lean:341:4: error: omega could not prove the goal:
a possible counterexample may satisfy the constraints
  b ≥ 0
  a ≥ 0
  a ≥ 1
  a + b ≥ 0
where
 a := ↑(m - (m - r))
 b := ↑(m - r)
'Erdos958.dist_sq_coords' depends on axioms: [propext, Classical.choice, Quot.sound]
'Erdos958.arc_dist_sq' depends on axioms: [propext, Classical.choice, Quot.sound]
'Erdos958.arc_origin_sq' depends on axioms: [propext, Classical.choice, Quot.sound]
'Erdos958.angle_pos' depends on axioms: [propext, Classical.choice, Quot.sound]
'Erdos958.angle_bound' depends on axioms: [propext, Classical.choice, Quot.sound]
'Erdos958.sqLen_pos' depends on axioms: [propext, Classical.choice, Quot.sound]
'Erdos958.sqLen_lt_one' depends on axioms: [propext, Classical.choice, Quot.sound]
'Erdos958.sqLen_strictMono' depends on axioms: [propext, Classical.choice, Quot.sound]
'Erdos958.points_zero' depends on axioms: [propext, Classical.choice, Quot.sound]
'Erdos958.points_pos' depends on axioms: [propext, Classical.choice, Quot.sound]
'Erdos958.points_pair_sq' depends on axioms: [propext, Classical.choice, Quot.sound]
'Erdos958.points_injective' depends on axioms: [propext, Classical.choice, Quot.sound]
'Erdos958.points_not_collinear' depends on axioms: [propext, Classical.choice, Quot.sound]
'Erdos958.points_not_cospherical' depends on axioms: [propext, Classical.choice, Quot.sound]
'Erdos958.pairFromLabel_label' depends on axioms: [propext, Classical.choice, Quot.sound]
'Erdos958.pairFromLabel_injective' depends on axioms: [propext, Quot.sound]
'Erdos958.pairFromLabel_surjective' depends on axioms: [propext, Quot.sound]
'Erdos958.label_card' depends on axioms: [propext, Classical.choice, Quot.sound]
'Erdos958.lengths_pos' depends on axioms: [propext, Classical.choice, Quot.sound]
'Erdos958.lengths_sq' depends on axioms: [propext, Classical.choice, Quot.sound]
'Erdos958.lengths_injective' depends on axioms: [propext, Classical.choice, Quot.sound]
'Erdos958.distance_of_label' depends on axioms: [propext, Classical.choice, Quot.sound]
'Erdos958.distance_multiplicity' depends on axioms: [propext, sorryAx, Classical.choice, Quot.sound]
'Erdos958.distanceSet_eq' depends on axioms: [propext, Classical.choice, Quot.sound]
'Erdos958.distanceSet_card' depends on axioms: [propext, Classical.choice, Quot.sound]
'Erdos958.multiplicity_profile' depends on axioms: [propext, sorryAx, Classical.choice, Quot.sound]
'Erdos958.full_family' depends on axioms: [propext, sorryAx, Classical.choice, Quot.sound]
'Erdos958.unbounded_counterexamples' depends on axioms: [propext, sorryAx, Classical.choice, Quot.sound]
'Erdos958.no_eventual_line_or_circle_classification' depends on axioms: [propext, sorryAx, Classical.choice, Quot.sound]
'Erdos958.pointSet_card' depends on axioms: [propext, Classical.choice, Quot.sound]
'Erdos958.pointSet_coe' depends on axioms: [propext, Classical.choice, Quot.sound]
'Erdos958.orientedPair_injective' depends on axioms: [propext, Classical.choice, Quot.sound]
'Erdos958.orientedPair_mem' depends on axioms: [propext, Classical.choice, Quot.sound]
'Erdos958.orientedPair_dist' depends on axioms: [propext, Classical.choice, Quot.sound]
'Erdos958.orientedPair_surjective' depends on axioms: [propext, Classical.choice, Quot.sound]
'Erdos958.finiteDistances_eq' depends on axioms: [propext, Classical.choice, Quot.sound]
'Erdos958.finiteMultiplicity_eq' depends on axioms: [propext, Classical.choice, Quot.sound]
'Erdos958.finite_counterexamples' depends on axioms: [propext, sorryAx, Classical.choice, Quot.sound]
'Erdos958.equidistant_line_collinear' depends on axioms: [propext, Classical.choice, Quot.sound]
'Erdos958.equidistant_circle_cospherical' depends on axioms: [propext, Classical.choice, Quot.sound]
'Erdos958.original_classification_false' depends on axioms: [propext, sorryAx, Classical.choice, Quot.sound]
